17:59:51 \[INFO\] data.reflect_loader: Found 1 episodes in /home/student/Desktop/VLM-action-acquisition/real_data
17:59:51 \[INFO\] pipeline: Pipeline start — source: putFruitsBowl_putFruitsBowl1
17:59:51 \[INFO\] pipeline: Stage 1/3: RGBD preprocessing & keyframe ingestion…
17:59:51 \[INFO\] data.reflect_loader:   Zarr: 5937 color frames, shape=(720, 1280, 3), depth frames=5937
18:00:04 \[INFO\] pipeline:   Ingested 50 frames…
18:00:16 \[INFO\] pipeline:   Ingested 100 frames…
18:00:28 \[INFO\] pipeline:   Ingested 150 frames…
18:00:40 \[INFO\] pipeline:   Ingested 200 frames…
18:00:52 \[INFO\] pipeline:   Ingested 250 frames…
18:01:04 \[INFO\] pipeline:   Ingested 300 frames…
18:01:16 \[INFO\] pipeline:   Ingested 350 frames…
18:01:28 \[INFO\] pipeline:   Ingested 400 frames…
18:01:40 \[INFO\] pipeline:   Ingested 450 frames…
18:01:53 \[INFO\] pipeline:   Ingested 500 frames…
18:02:09 \[INFO\] pipeline:   Ingested 550 frames…
18:02:22 \[INFO\] pipeline:   Total frames: 594
18:02:22 \[INFO\] pipeline: Stage 2/3: Action boundary detection & keyframe selection…
18:02:22 \[INFO\] core.keyframe_extraction: Detected 1 action segments from 594 frames
18:02:22 \[INFO\] pipeline:   Detected 1 action segments, 3 keyframes total
18:02:22 \[INFO\] pipeline: Stage 3/3: VLM action detection…
18:02:22 \[INFO\] pipeline:   Querying VLM for segment 1/1 (frames 0–5930)…
18:02:22 \[INFO\] core.vlm_client:   → Querying openchat:7b | segment 0–5930 | 3 keyframe(s)
18:02:44 \[INFO\] pipeline:     → reach \[0.00s–49.33s\] (conf=1.00)
18:02:44 \[INFO\] pipeline:     → grasp \[74.00s–148.17s\] (conf=1.00)
18:02:44 \[INFO\] pipeline:     → lift \[172.92s–197.67s\] (conf=1.00)
18:02:44 \[INFO\] core.action_serializer: Saved 3 actions → output/putFruitsBowl_putFruitsBowl1_actions.json
── ACTION DETECTION RESULTS ──
Task      : robot putting fruits into a bowl
Source    : putFruitsBowl_putFruitsBowl1
Duration  : 19.8s
Actions   : 3
Mean conf : 1.00

# \[00\] 0.00s → 49.33s reach (conf=1.00) ██████████ \[01\] 74.00s → 148.17s grasp (conf=1.00) ██████████ \[02\] 172.92s → 197.67s lift (conf=1.00) ██████████
